OfficialID,Name,City,State,Country,Website,HUM,NAT,ANI,SourceURL,SourceDate
000019818,PALMER SECOND BAPTIST CHURCH,PALMER,MA,USA,,,,,https://www.irs.gov/charities-non-profits/exempt-organizations-business-master-file-extract-eo-bmf,11-nov-2019
000029215,ST GEORGE CATHEDRAL,SOUTH BOSTON,MA,USA,,,,,https://www.irs.gov/charities-non-profits/exempt-organizations-business-master-file-extract-eo-bmf,11-nov-2019
000587764,IGLESIA BETHESDA INC,LOWELL,MA,USA,,,,,https://www.irs.gov/charities-non-profits/exempt-organizations-business-master-file-extract-eo-bmf,11-nov-2019
000635913,MINISTERIO APOSTOLICO JESUCRISTO ES EL SENOR INC,LAWRENCE,MA,USA,,,,,https://www.irs.gov/charities-non-profits/exempt-organizations-business-master-file-extract-eo-bmf,11-nov-2019
000765634,MERCY CHAPEL INTERNATIONAL,MATTAPAN,MA,USA,,,,,https://www.irs.gov/charities-non-profits/exempt-organizations-business-master-file-extract-eo-bmf,11-nov-2019
000841363,AGAPE HOUSE OF PRAYER,MATTAPAN,MA,USA,,,,,https://www.irs.gov/charities-non-profits/exempt-organizations-business-master-file-extract-eo-bmf,11-nov-2019
000852649,BETHANY PRESBYTERIAN CHURCH,BROOKLINE,MA,USA,,,,,https://www.irs.gov/charities-non-profits/exempt-organizations-business-master-file-extract-eo-bmf,11-nov-2019
001028397,UNITY IN THE CITY,BROOKLINE,MA,USA,,,,,https://www.irs.gov/charities-non-profits/exempt-organizations-business-master-file-extract-eo-bmf,11-nov-2019
002022084,ST ROSALIAS ROMAN CATHOLIC CHURCH,BROOKLYN,NY,USA,,,,,https://www.irs.gov/charities-non-profits/exempt-organizations-business-master-file-extract-eo-bmf,11-nov-2019
